Failure @45 (⟨2, 29⟩): expected '(' or '['
Final stack:
  [(Lean.Doc.Syntax.para
    "para{"
    [(Lean.Doc.Syntax.link
      "["
      [(Lean.Doc.Syntax.text (str "\"My link\""))]
      "]"
      (Lean.Doc.Syntax.ref
       "["
       (str "\"lean\"")
       "]"))
     (Lean.Doc.Syntax.linebreak
      "line!"
      (str "\"\\n\""))
     (Lean.Doc.Syntax.link
      "["
      [(Lean.Doc.Syntax.text (str "\"lean\""))]
      "]"
      (Lean.Doc.Syntax.url <missing>))]
    "}")]
Remaining: ""