Success! Final stack:
  (Lean.Doc.Syntax.command "{" `test [] "}")
Remaining:
"> Here's a blockquote\n\n with multiple paras\n\nthat ends"