Brx.interp._eq_1 : ∀ (n z : Term) (H_2 : Brx (Term.id2 n z)),
  Brx.interp H_2 =
    match (_ : True ∧ Brx z) with
    | (_ : True ∧ Brx z) => Brx.interp Hz
