1891.lean:8:2-8:10: warning: declaration uses 'sorry'
FunLike.coe Bla.z ∘ id : Nat → Wrapper
f ∘ id : Nat → Wrapper
