346.lean:10:6-10:16: error: unknown constant 'SomeType.b'
346.lean:13:2-13:5: error: invalid field 'z', the environment does not contain 'Nat.z'
  x
has type
  Nat
