348.lean:3:24-3:25: error: unexpected token '‚ü©'; expected ')'
