p : Nat → Prop
h : p 1
⊢ p 1
α : Sort ?u
a : α
p : α → Prop
h : p a
⊢ p a
α : Sort ?u
a : α
f : α → α
p : α → Prop
h : p (f a)
⊢ p (f a)
