elabAsElim.lean:9:2-9:14: error: failed to elaborate eliminator, insufficient number of arguments, expected type:
  Nat
elabAsElim.lean:26:2-26:24: error: failed to elaborate eliminator, unused named arguments: [a]
