theorem foo.bla : 0 < 5 :=
of_decide_eq_true (Eq.refl true)
