structDefault.lean:11:11-11:15: error: Type mismatch
  true
has type
  Bool
but is expected to have type
  Nat
