{"textDocument": {"uri": "file://goTo.lean"},
 "position": {"line": 11, "character": 2}}
[{"targetUri": "file://goTo.lean",
  "targetSelectionRange":
  {"start": {"line": 5, "character": 2}, "end": {"line": 5, "character": 6}},
  "targetRange":
  {"start": {"line": 5, "character": 2}, "end": {"line": 5, "character": 6}},
  "originSelectionRange":
  {"start": {"line": 11, "character": 2}, "end": {"line": 11, "character": 6}}}]
{"textDocument": {"uri": "file://goTo.lean"},
 "position": {"line": 13, "character": 2}}
[{"targetUri": "file://goTo.lean",
  "targetSelectionRange":
  {"start": {"line": 6, "character": 2}, "end": {"line": 6, "character": 6}},
  "targetRange":
  {"start": {"line": 6, "character": 2}, "end": {"line": 6, "character": 6}},
  "originSelectionRange":
  {"start": {"line": 13, "character": 2}, "end": {"line": 13, "character": 6}}}]
{"textDocument": {"uri": "file://goTo.lean"},
 "position": {"line": 15, "character": 2}}
[{"targetUri": "file://goTo.lean",
  "targetSelectionRange":
  {"start": {"line": 2, "character": 10}, "end": {"line": 2, "character": 13}},
  "targetRange":
  {"start": {"line": 2, "character": 0}, "end": {"line": 2, "character": 19}},
  "originSelectionRange":
  {"start": {"line": 15, "character": 2}, "end": {"line": 15, "character": 5}}}]
{"textDocument": {"uri": "file://goTo.lean"},
 "position": {"line": 24, "character": 12}}
[{"targetUri": "file://goTo.lean",
  "targetSelectionRange":
  {"start": {"line": 18, "character": 10},
   "end": {"line": 18, "character": 27}},
  "targetRange":
  {"start": {"line": 18, "character": 0}, "end": {"line": 19, "character": 9}},
  "originSelectionRange":
  {"start": {"line": 24, "character": 10},
   "end": {"line": 24, "character": 27}}}]
{"textDocument": {"uri": "file://goTo.lean"},
 "position": {"line": 26, "character": 2}}
[{"targetUri": "file://goTo.lean",
  "targetSelectionRange":
  {"start": {"line": 19, "character": 2}, "end": {"line": 19, "character": 3}},
  "targetRange":
  {"start": {"line": 19, "character": 2}, "end": {"line": 19, "character": 3}},
  "originSelectionRange":
  {"start": {"line": 26, "character": 2}, "end": {"line": 26, "character": 3}}}]
{"textDocument": {"uri": "file://goTo.lean"},
 "position": {"line": 30, "character": 14}}
[{"targetUri": "file://goTo.lean",
  "targetSelectionRange":
  {"start": {"line": 9, "character": 4}, "end": {"line": 9, "character": 10}},
  "targetRange":
  {"start": {"line": 9, "character": 0}, "end": {"line": 16, "character": 1}},
  "originSelectionRange":
  {"start": {"line": 30, "character": 14},
   "end": {"line": 30, "character": 20}}}]
{"textDocument": {"uri": "file://goTo.lean"},
 "position": {"line": 39, "character": 7}}
[{"targetUri": "file://goTo.lean",
  "targetSelectionRange":
  {"start": {"line": 32, "character": 0}, "end": {"line": 32, "character": 39}},
  "targetRange":
  {"start": {"line": 32, "character": 0}, "end": {"line": 32, "character": 32}},
  "originSelectionRange":
  {"start": {"line": 39, "character": 7},
   "end": {"line": 39, "character": 11}}}]
{"textDocument": {"uri": "file://goTo.lean"},
 "position": {"line": 39, "character": 7}}
[{"targetUri": "file://goTo.lean",
  "targetSelectionRange":
  {"start": {"line": 34, "character": 25},
   "end": {"line": 34, "character": 37}},
  "targetRange":
  {"start": {"line": 34, "character": 21},
   "end": {"line": 36, "character": 34}},
  "originSelectionRange":
  {"start": {"line": 39, "character": 7},
   "end": {"line": 39, "character": 11}}}]
{"textDocument": {"uri": "file://goTo.lean"},
 "position": {"line": 44, "character": 28}}
[{"targetUri": "file://goTo.lean",
  "targetSelectionRange":
  {"start": {"line": 42, "character": 4}, "end": {"line": 42, "character": 7}},
  "targetRange":
  {"start": {"line": 42, "character": 0}, "end": {"line": 42, "character": 23}},
  "originSelectionRange":
  {"start": {"line": 44, "character": 28},
   "end": {"line": 44, "character": 29}}}]
{"textDocument": {"uri": "file://goTo.lean"},
 "position": {"line": 50, "character": 2}}
[{"targetUri": "file://goTo.lean",
  "targetSelectionRange":
  {"start": {"line": 48, "character": 6}, "end": {"line": 48, "character": 7}},
  "targetRange":
  {"start": {"line": 48, "character": 6}, "end": {"line": 48, "character": 7}},
  "originSelectionRange":
  {"start": {"line": 50, "character": 2}, "end": {"line": 50, "character": 3}}}]
{"textDocument": {"uri": "file://goTo.lean"},
 "position": {"line": 50, "character": 6}}
[{"targetUri": "file://goTo.lean",
  "targetSelectionRange":
  {"start": {"line": 53, "character": 2}, "end": {"line": 53, "character": 3}},
  "targetRange":
  {"start": {"line": 53, "character": 2}, "end": {"line": 53, "character": 3}},
  "originSelectionRange":
  {"start": {"line": 50, "character": 6}, "end": {"line": 50, "character": 7}}}]
{"textDocument": {"uri": "file://goTo.lean"},
 "position": {"line": 56, "character": 7}}
[{"targetUri": "file://goTo.lean",
  "targetSelectionRange":
  {"start": {"line": 55, "character": 0}, "end": {"line": 55, "character": 11}},
  "targetRange":
  {"start": {"line": 55, "character": 0}, "end": {"line": 55, "character": 29}},
  "originSelectionRange":
  {"start": {"line": 56, "character": 7},
   "end": {"line": 56, "character": 11}}}]
